../Core/Src/main.c:79:6:adxl_write	32	static
../Core/Src/main.c:88:6:adxl_read	32	static
../Core/Src/main.c:92:6:adxl_init	8	static
../Core/Src/main.c:105:6:speaker_alert	16	static
../Core/Src/main.c:121:6:read	8	static
../Core/Src/main.c:153:5:main	16	static
../Core/Src/main.c:233:6:SystemClock_Config	88	static
../Core/Src/main.c:280:13:MX_I2C1_Init	8	static
../Core/Src/main.c:314:13:MX_USART2_UART_Init	8	static
../Core/Src/main.c:347:13:MX_GPIO_Init	48	static
../Core/Src/main.c:387:6:Error_Handler	4	static,ignoring_inline_asm
